﻿  Determinando os projetos a serem restaurados...
  Todos os projetos est├úo atualizados para restaura├º├úo.
  Telemedicina.Domain -> C:\Users\camil\source\Ant\Telemedicina.2\Telemedicina.Domain\bin\Debug\net9.0\Telemedicina.Domain.dll
  Telemedicina.Interfaces -> C:\Users\camil\source\Ant\Telemedicina.2\Telemedicina.Interfaces\bin\Debug\net9.0\Telemedicina.Interfaces.dll
  Telemedicina.Services -> C:\Users\camil\source\Ant\Telemedicina.2\Telemedicina.Services\bin\Debug\net9.0\Telemedicina.Services.dll
  Telemedicina.Infrastructure -> C:\Users\camil\source\Ant\Telemedicina.2\Telemedicina.Infrastructure\bin\Debug\net9.0\Telemedicina.Infrastructure.dll
C:\Program Files\dotnet\sdk\9.0.311\Microsoft.Common.CurrentVersion.targets(5093,5): warning MSB3026: n├úo foi poss├¡vel copiar "C:\Users\camil\source\Ant\Telemedicina.2\Telemedicina.Domain\bin\Debug\net9.0\Telemedicina.Domain.dll" para "bin\Debug\net9.0\Telemedicina.Domain.dll". Iniciando nova tentativa 1 em 1000ms. The process cannot access the file 'C:\Users\camil\source\Ant\Telemedicina.2\Telemedicina.Api\bin\Debug\net9.0\Telemedicina.Domain.dll' because it is being used by another process. O arquivo ├® bloqueado por: "Telemedicina.Api (27804)" [C:\Users\camil\source\Ant\Telemedicina.2\Telemedicina.Api\Telemedicina.Api.csproj]
C:\Program Files\dotnet\sdk\9.0.311\Microsoft.Common.CurrentVersion.targets(5093,5): warning MSB3026: n├úo foi poss├¡vel copiar "C:\Users\camil\source\Ant\Telemedicina.2\Telemedicina.Services\bin\Debug\net9.0\Telemedicina.Services.dll" para "bin\Debug\net9.0\Telemedicina.Services.dll". Iniciando nova tentativa 1 em 1000ms. The process cannot access the file 'C:\Users\camil\source\Ant\Telemedicina.2\Telemedicina.Api\bin\Debug\net9.0\Telemedicina.Services.dll' because it is being used by another process. O arquivo ├® bloqueado por: "Telemedicina.Api (27804)" [C:\Users\camil\source\Ant\Telemedicina.2\Telemedicina.Api\Telemedicina.Api.csproj]
C:\Program Files\dotnet\sdk\9.0.311\Microsoft.Common.CurrentVersion.targets(5093,5): warning MSB3026: n├úo foi poss├¡vel copiar "C:\Users\camil\source\Ant\Telemedicina.2\Telemedicina.Interfaces\bin\Debug\net9.0\Telemedicina.Interfaces.dll" para "bin\Debug\net9.0\Telemedicina.Interfaces.dll". Iniciando nova tentativa 1 em 1000ms. The process cannot access the file 'C:\Users\camil\source\Ant\Telemedicina.2\Telemedicina.Api\bin\Debug\net9.0\Telemedicina.Interfaces.dll' because it is being used by another process. O arquivo ├® bloqueado por: "Telemedicina.Api (27804)" [C:\Users\camil\source\Ant\Telemedicina.2\Telemedicina.Api\Telemedicina.Api.csproj]
C:\Program Files\dotnet\sdk\9.0.311\Microsoft.Common.CurrentVersion.targets(5093,5): warning MSB3026: n├úo foi poss├¡vel copiar "C:\Users\camil\source\Ant\Telemedicina.2\Telemedicina.Infrastructure\bin\Debug\net9.0\Telemedicina.Infrastructure.dll" para "bin\Debug\net9.0\Telemedicina.Infrastructure.dll". Iniciando nova tentativa 1 em 1000ms. The process cannot access the file 'C:\Users\camil\source\Ant\Telemedicina.2\Telemedicina.Api\bin\Debug\net9.0\Telemedicina.Infrastructure.dll' because it is being used by another process. O arquivo ├® bloqueado por: "Telemedicina.Api (27804)" [C:\Users\camil\source\Ant\Telemedicina.2\Telemedicina.Api\Telemedicina.Api.csproj]
C:\Program Files\dotnet\sdk\9.0.311\Microsoft.Common.CurrentVersion.targets(5093,5): warning MSB3026: n├úo foi poss├¡vel copiar "C:\Users\camil\source\Ant\Telemedicina.2\Telemedicina.Interfaces\bin\Debug\net9.0\Telemedicina.Interfaces.dll" para "bin\Debug\net9.0\Telemedicina.Interfaces.dll". Iniciando nova tentativa 2 em 1000ms. The process cannot access the file 'C:\Users\camil\source\Ant\Telemedicina.2\Telemedicina.Api\bin\Debug\net9.0\Telemedicina.Interfaces.dll' because it is being used by another process. O arquivo ├® bloqueado por: "Telemedicina.Api (27804)" [C:\Users\camil\source\Ant\Telemedicina.2\Telemedicina.Api\Telemedicina.Api.csproj]
C:\Program Files\dotnet\sdk\9.0.311\Microsoft.Common.CurrentVersion.targets(5093,5): warning MSB3026: n├úo foi poss├¡vel copiar "C:\Users\camil\source\Ant\Telemedicina.2\Telemedicina.Domain\bin\Debug\net9.0\Telemedicina.Domain.dll" para "bin\Debug\net9.0\Telemedicina.Domain.dll". Iniciando nova tentativa 2 em 1000ms. The process cannot access the file 'C:\Users\camil\source\Ant\Telemedicina.2\Telemedicina.Api\bin\Debug\net9.0\Telemedicina.Domain.dll' because it is being used by another process. O arquivo ├® bloqueado por: "Telemedicina.Api (27804)" [C:\Users\camil\source\Ant\Telemedicina.2\Telemedicina.Api\Telemedicina.Api.csproj]
C:\Program Files\dotnet\sdk\9.0.311\Microsoft.Common.CurrentVersion.targets(5093,5): warning MSB3026: n├úo foi poss├¡vel copiar "C:\Users\camil\source\Ant\Telemedicina.2\Telemedicina.Infrastructure\bin\Debug\net9.0\Telemedicina.Infrastructure.dll" para "bin\Debug\net9.0\Telemedicina.Infrastructure.dll". Iniciando nova tentativa 2 em 1000ms. The process cannot access the file 'C:\Users\camil\source\Ant\Telemedicina.2\Telemedicina.Api\bin\Debug\net9.0\Telemedicina.Infrastructure.dll' because it is being used by another process. O arquivo ├® bloqueado por: "Telemedicina.Api (27804)" [C:\Users\camil\source\Ant\Telemedicina.2\Telemedicina.Api\Telemedicina.Api.csproj]
C:\Program Files\dotnet\sdk\9.0.311\Microsoft.Common.CurrentVersion.targets(5093,5): warning MSB3026: n├úo foi poss├¡vel copiar "C:\Users\camil\source\Ant\Telemedicina.2\Telemedicina.Services\bin\Debug\net9.0\Telemedicina.Services.dll" para "bin\Debug\net9.0\Telemedicina.Services.dll". Iniciando nova tentativa 2 em 1000ms. The process cannot access the file 'C:\Users\camil\source\Ant\Telemedicina.2\Telemedicina.Api\bin\Debug\net9.0\Telemedicina.Services.dll' because it is being used by another process. O arquivo ├® bloqueado por: "Telemedicina.Api (27804)" [C:\Users\camil\source\Ant\Telemedicina.2\Telemedicina.Api\Telemedicina.Api.csproj]
C:\Program Files\dotnet\sdk\9.0.311\Microsoft.Common.CurrentVersion.targets(5093,5): warning MSB3026: n├úo foi poss├¡vel copiar "C:\Users\camil\source\Ant\Telemedicina.2\Telemedicina.Interfaces\bin\Debug\net9.0\Telemedicina.Interfaces.dll" para "bin\Debug\net9.0\Telemedicina.Interfaces.dll". Iniciando nova tentativa 3 em 1000ms. The process cannot access the file 'C:\Users\camil\source\Ant\Telemedicina.2\Telemedicina.Api\bin\Debug\net9.0\Telemedicina.Interfaces.dll' because it is being used by another process. O arquivo ├® bloqueado por: "Telemedicina.Api (27804)" [C:\Users\camil\source\Ant\Telemedicina.2\Telemedicina.Api\Telemedicina.Api.csproj]
C:\Program Files\dotnet\sdk\9.0.311\Microsoft.Common.CurrentVersion.targets(5093,5): warning MSB3026: n├úo foi poss├¡vel copiar "C:\Users\camil\source\Ant\Telemedicina.2\Telemedicina.Domain\bin\Debug\net9.0\Telemedicina.Domain.dll" para "bin\Debug\net9.0\Telemedicina.Domain.dll". Iniciando nova tentativa 3 em 1000ms. The process cannot access the file 'C:\Users\camil\source\Ant\Telemedicina.2\Telemedicina.Api\bin\Debug\net9.0\Telemedicina.Domain.dll' because it is being used by another process. O arquivo ├® bloqueado por: "Telemedicina.Api (27804)" [C:\Users\camil\source\Ant\Telemedicina.2\Telemedicina.Api\Telemedicina.Api.csproj]
C:\Program Files\dotnet\sdk\9.0.311\Microsoft.Common.CurrentVersion.targets(5093,5): warning MSB3026: n├úo foi poss├¡vel copiar "C:\Users\camil\source\Ant\Telemedicina.2\Telemedicina.Infrastructure\bin\Debug\net9.0\Telemedicina.Infrastructure.dll" para "bin\Debug\net9.0\Telemedicina.Infrastructure.dll". Iniciando nova tentativa 3 em 1000ms. The process cannot access the file 'C:\Users\camil\source\Ant\Telemedicina.2\Telemedicina.Api\bin\Debug\net9.0\Telemedicina.Infrastructure.dll' because it is being used by another process. O arquivo ├® bloqueado por: "Telemedicina.Api (27804)" [C:\Users\camil\source\Ant\Telemedicina.2\Telemedicina.Api\Telemedicina.Api.csproj]
C:\Program Files\dotnet\sdk\9.0.311\Microsoft.Common.CurrentVersion.targets(5093,5): warning MSB3026: n├úo foi poss├¡vel copiar "C:\Users\camil\source\Ant\Telemedicina.2\Telemedicina.Services\bin\Debug\net9.0\Telemedicina.Services.dll" para "bin\Debug\net9.0\Telemedicina.Services.dll". Iniciando nova tentativa 3 em 1000ms. The process cannot access the file 'C:\Users\camil\source\Ant\Telemedicina.2\Telemedicina.Api\bin\Debug\net9.0\Telemedicina.Services.dll' because it is being used by another process. O arquivo ├® bloqueado por: "Telemedicina.Api (27804)" [C:\Users\camil\source\Ant\Telemedicina.2\Telemedicina.Api\Telemedicina.Api.csproj]
C:\Program Files\dotnet\sdk\9.0.311\Microsoft.Common.CurrentVersion.targets(5093,5): warning MSB3026: n├úo foi poss├¡vel copiar "C:\Users\camil\source\Ant\Telemedicina.2\Telemedicina.Interfaces\bin\Debug\net9.0\Telemedicina.Interfaces.dll" para "bin\Debug\net9.0\Telemedicina.Interfaces.dll". Iniciando nova tentativa 4 em 1000ms. The process cannot access the file 'C:\Users\camil\source\Ant\Telemedicina.2\Telemedicina.Api\bin\Debug\net9.0\Telemedicina.Interfaces.dll' because it is being used by another process. O arquivo ├® bloqueado por: "Telemedicina.Api (27804)" [C:\Users\camil\source\Ant\Telemedicina.2\Telemedicina.Api\Telemedicina.Api.csproj]
C:\Program Files\dotnet\sdk\9.0.311\Microsoft.Common.CurrentVersion.targets(5093,5): warning MSB3026: n├úo foi poss├¡vel copiar "C:\Users\camil\source\Ant\Telemedicina.2\Telemedicina.Domain\bin\Debug\net9.0\Telemedicina.Domain.dll" para "bin\Debug\net9.0\Telemedicina.Domain.dll". Iniciando nova tentativa 4 em 1000ms. The process cannot access the file 'C:\Users\camil\source\Ant\Telemedicina.2\Telemedicina.Api\bin\Debug\net9.0\Telemedicina.Domain.dll' because it is being used by another process. O arquivo ├® bloqueado por: "Telemedicina.Api (27804)" [C:\Users\camil\source\Ant\Telemedicina.2\Telemedicina.Api\Telemedicina.Api.csproj]
C:\Program Files\dotnet\sdk\9.0.311\Microsoft.Common.CurrentVersion.targets(5093,5): warning MSB3026: n├úo foi poss├¡vel copiar "C:\Users\camil\source\Ant\Telemedicina.2\Telemedicina.Infrastructure\bin\Debug\net9.0\Telemedicina.Infrastructure.dll" para "bin\Debug\net9.0\Telemedicina.Infrastructure.dll". Iniciando nova tentativa 4 em 1000ms. The process cannot access the file 'C:\Users\camil\source\Ant\Telemedicina.2\Telemedicina.Api\bin\Debug\net9.0\Telemedicina.Infrastructure.dll' because it is being used by another process. O arquivo ├® bloqueado por: "Telemedicina.Api (27804)" [C:\Users\camil\source\Ant\Telemedicina.2\Telemedicina.Api\Telemedicina.Api.csproj]
C:\Program Files\dotnet\sdk\9.0.311\Microsoft.Common.CurrentVersion.targets(5093,5): warning MSB3026: n├úo foi poss├¡vel copiar "C:\Users\camil\source\Ant\Telemedicina.2\Telemedicina.Services\bin\Debug\net9.0\Telemedicina.Services.dll" para "bin\Debug\net9.0\Telemedicina.Services.dll". Iniciando nova tentativa 4 em 1000ms. The process cannot access the file 'C:\Users\camil\source\Ant\Telemedicina.2\Telemedicina.Api\bin\Debug\net9.0\Telemedicina.Services.dll' because it is being used by another process. O arquivo ├® bloqueado por: "Telemedicina.Api (27804)" [C:\Users\camil\source\Ant\Telemedicina.2\Telemedicina.Api\Telemedicina.Api.csproj]
C:\Program Files\dotnet\sdk\9.0.311\Microsoft.Common.CurrentVersion.targets(5093,5): warning MSB3026: n├úo foi poss├¡vel copiar "C:\Users\camil\source\Ant\Telemedicina.2\Telemedicina.Domain\bin\Debug\net9.0\Telemedicina.Domain.dll" para "bin\Debug\net9.0\Telemedicina.Domain.dll". Iniciando nova tentativa 5 em 1000ms. The process cannot access the file 'C:\Users\camil\source\Ant\Telemedicina.2\Telemedicina.Api\bin\Debug\net9.0\Telemedicina.Domain.dll' because it is being used by another process. O arquivo ├® bloqueado por: "Telemedicina.Api (27804)" [C:\Users\camil\source\Ant\Telemedicina.2\Telemedicina.Api\Telemedicina.Api.csproj]
C:\Program Files\dotnet\sdk\9.0.311\Microsoft.Common.CurrentVersion.targets(5093,5): warning MSB3026: n├úo foi poss├¡vel copiar "C:\Users\camil\source\Ant\Telemedicina.2\Telemedicina.Interfaces\bin\Debug\net9.0\Telemedicina.Interfaces.dll" para "bin\Debug\net9.0\Telemedicina.Interfaces.dll". Iniciando nova tentativa 5 em 1000ms. The process cannot access the file 'C:\Users\camil\source\Ant\Telemedicina.2\Telemedicina.Api\bin\Debug\net9.0\Telemedicina.Interfaces.dll' because it is being used by another process. O arquivo ├® bloqueado por: "Telemedicina.Api (27804)" [C:\Users\camil\source\Ant\Telemedicina.2\Telemedicina.Api\Telemedicina.Api.csproj]
C:\Program Files\dotnet\sdk\9.0.311\Microsoft.Common.CurrentVersion.targets(5093,5): warning MSB3026: n├úo foi poss├¡vel copiar "C:\Users\camil\source\Ant\Telemedicina.2\Telemedicina.Services\bin\Debug\net9.0\Telemedicina.Services.dll" para "bin\Debug\net9.0\Telemedicina.Services.dll". Iniciando nova tentativa 5 em 1000ms. The process cannot access the file 'C:\Users\camil\source\Ant\Telemedicina.2\Telemedicina.Api\bin\Debug\net9.0\Telemedicina.Services.dll' because it is being used by another process. O arquivo ├® bloqueado por: "Telemedicina.Api (27804)" [C:\Users\camil\source\Ant\Telemedicina.2\Telemedicina.Api\Telemedicina.Api.csproj]
C:\Program Files\dotnet\sdk\9.0.311\Microsoft.Common.CurrentVersion.targets(5093,5): warning MSB3026: n├úo foi poss├¡vel copiar "C:\Users\camil\source\Ant\Telemedicina.2\Telemedicina.Infrastructure\bin\Debug\net9.0\Telemedicina.Infrastructure.dll" para "bin\Debug\net9.0\Telemedicina.Infrastructure.dll". Iniciando nova tentativa 5 em 1000ms. The process cannot access the file 'C:\Users\camil\source\Ant\Telemedicina.2\Telemedicina.Api\bin\Debug\net9.0\Telemedicina.Infrastructure.dll' because it is being used by another process. O arquivo ├® bloqueado por: "Telemedicina.Api (27804)" [C:\Users\camil\source\Ant\Telemedicina.2\Telemedicina.Api\Telemedicina.Api.csproj]
C:\Program Files\dotnet\sdk\9.0.311\Microsoft.Common.CurrentVersion.targets(5093,5): warning MSB3026: n├úo foi poss├¡vel copiar "C:\Users\camil\source\Ant\Telemedicina.2\Telemedicina.Interfaces\bin\Debug\net9.0\Telemedicina.Interfaces.dll" para "bin\Debug\net9.0\Telemedicina.Interfaces.dll". Iniciando nova tentativa 6 em 1000ms. The process cannot access the file 'C:\Users\camil\source\Ant\Telemedicina.2\Telemedicina.Api\bin\Debug\net9.0\Telemedicina.Interfaces.dll' because it is being used by another process. O arquivo ├® bloqueado por: "Telemedicina.Api (27804)" [C:\Users\camil\source\Ant\Telemedicina.2\Telemedicina.Api\Telemedicina.Api.csproj]
C:\Program Files\dotnet\sdk\9.0.311\Microsoft.Common.CurrentVersion.targets(5093,5): warning MSB3026: n├úo foi poss├¡vel copiar "C:\Users\camil\source\Ant\Telemedicina.2\Telemedicina.Domain\bin\Debug\net9.0\Telemedicina.Domain.dll" para "bin\Debug\net9.0\Telemedicina.Domain.dll". Iniciando nova tentativa 6 em 1000ms. The process cannot access the file 'C:\Users\camil\source\Ant\Telemedicina.2\Telemedicina.Api\bin\Debug\net9.0\Telemedicina.Domain.dll' because it is being used by another process. O arquivo ├® bloqueado por: "Telemedicina.Api (27804)" [C:\Users\camil\source\Ant\Telemedicina.2\Telemedicina.Api\Telemedicina.Api.csproj]
C:\Program Files\dotnet\sdk\9.0.311\Microsoft.Common.CurrentVersion.targets(5093,5): warning MSB3026: n├úo foi poss├¡vel copiar "C:\Users\camil\source\Ant\Telemedicina.2\Telemedicina.Infrastructure\bin\Debug\net9.0\Telemedicina.Infrastructure.dll" para "bin\Debug\net9.0\Telemedicina.Infrastructure.dll". Iniciando nova tentativa 6 em 1000ms. The process cannot access the file 'C:\Users\camil\source\Ant\Telemedicina.2\Telemedicina.Api\bin\Debug\net9.0\Telemedicina.Infrastructure.dll' because it is being used by another process. O arquivo ├® bloqueado por: "Telemedicina.Api (27804)" [C:\Users\camil\source\Ant\Telemedicina.2\Telemedicina.Api\Telemedicina.Api.csproj]
C:\Program Files\dotnet\sdk\9.0.311\Microsoft.Common.CurrentVersion.targets(5093,5): warning MSB3026: n├úo foi poss├¡vel copiar "C:\Users\camil\source\Ant\Telemedicina.2\Telemedicina.Services\bin\Debug\net9.0\Telemedicina.Services.dll" para "bin\Debug\net9.0\Telemedicina.Services.dll". Iniciando nova tentativa 6 em 1000ms. The process cannot access the file 'C:\Users\camil\source\Ant\Telemedicina.2\Telemedicina.Api\bin\Debug\net9.0\Telemedicina.Services.dll' because it is being used by another process. O arquivo ├® bloqueado por: "Telemedicina.Api (27804)" [C:\Users\camil\source\Ant\Telemedicina.2\Telemedicina.Api\Telemedicina.Api.csproj]
C:\Program Files\dotnet\sdk\9.0.311\Microsoft.Common.CurrentVersion.targets(5093,5): warning MSB3026: n├úo foi poss├¡vel copiar "C:\Users\camil\source\Ant\Telemedicina.2\Telemedicina.Interfaces\bin\Debug\net9.0\Telemedicina.Interfaces.dll" para "bin\Debug\net9.0\Telemedicina.Interfaces.dll". Iniciando nova tentativa 7 em 1000ms. The process cannot access the file 'C:\Users\camil\source\Ant\Telemedicina.2\Telemedicina.Api\bin\Debug\net9.0\Telemedicina.Interfaces.dll' because it is being used by another process. O arquivo ├® bloqueado por: "Telemedicina.Api (27804)" [C:\Users\camil\source\Ant\Telemedicina.2\Telemedicina.Api\Telemedicina.Api.csproj]
C:\Program Files\dotnet\sdk\9.0.311\Microsoft.Common.CurrentVersion.targets(5093,5): warning MSB3026: n├úo foi poss├¡vel copiar "C:\Users\camil\source\Ant\Telemedicina.2\Telemedicina.Domain\bin\Debug\net9.0\Telemedicina.Domain.dll" para "bin\Debug\net9.0\Telemedicina.Domain.dll". Iniciando nova tentativa 7 em 1000ms. The process cannot access the file 'C:\Users\camil\source\Ant\Telemedicina.2\Telemedicina.Api\bin\Debug\net9.0\Telemedicina.Domain.dll' because it is being used by another process. O arquivo ├® bloqueado por: "Telemedicina.Api (27804)" [C:\Users\camil\source\Ant\Telemedicina.2\Telemedicina.Api\Telemedicina.Api.csproj]
C:\Program Files\dotnet\sdk\9.0.311\Microsoft.Common.CurrentVersion.targets(5093,5): warning MSB3026: n├úo foi poss├¡vel copiar "C:\Users\camil\source\Ant\Telemedicina.2\Telemedicina.Infrastructure\bin\Debug\net9.0\Telemedicina.Infrastructure.dll" para "bin\Debug\net9.0\Telemedicina.Infrastructure.dll". Iniciando nova tentativa 7 em 1000ms. The process cannot access the file 'C:\Users\camil\source\Ant\Telemedicina.2\Telemedicina.Api\bin\Debug\net9.0\Telemedicina.Infrastructure.dll' because it is being used by another process. O arquivo ├® bloqueado por: "Telemedicina.Api (27804)" [C:\Users\camil\source\Ant\Telemedicina.2\Telemedicina.Api\Telemedicina.Api.csproj]
C:\Program Files\dotnet\sdk\9.0.311\Microsoft.Common.CurrentVersion.targets(5093,5): warning MSB3026: n├úo foi poss├¡vel copiar "C:\Users\camil\source\Ant\Telemedicina.2\Telemedicina.Services\bin\Debug\net9.0\Telemedicina.Services.dll" para "bin\Debug\net9.0\Telemedicina.Services.dll". Iniciando nova tentativa 7 em 1000ms. The process cannot access the file 'C:\Users\camil\source\Ant\Telemedicina.2\Telemedicina.Api\bin\Debug\net9.0\Telemedicina.Services.dll' because it is being used by another process. O arquivo ├® bloqueado por: "Telemedicina.Api (27804)" [C:\Users\camil\source\Ant\Telemedicina.2\Telemedicina.Api\Telemedicina.Api.csproj]
C:\Program Files\dotnet\sdk\9.0.311\Microsoft.Common.CurrentVersion.targets(5093,5): warning MSB3026: n├úo foi poss├¡vel copiar "C:\Users\camil\source\Ant\Telemedicina.2\Telemedicina.Domain\bin\Debug\net9.0\Telemedicina.Domain.dll" para "bin\Debug\net9.0\Telemedicina.Domain.dll". Iniciando nova tentativa 8 em 1000ms. The process cannot access the file 'C:\Users\camil\source\Ant\Telemedicina.2\Telemedicina.Api\bin\Debug\net9.0\Telemedicina.Domain.dll' because it is being used by another process. O arquivo ├® bloqueado por: "Telemedicina.Api (27804)" [C:\Users\camil\source\Ant\Telemedicina.2\Telemedicina.Api\Telemedicina.Api.csproj]
C:\Program Files\dotnet\sdk\9.0.311\Microsoft.Common.CurrentVersion.targets(5093,5): warning MSB3026: n├úo foi poss├¡vel copiar "C:\Users\camil\source\Ant\Telemedicina.2\Telemedicina.Interfaces\bin\Debug\net9.0\Telemedicina.Interfaces.dll" para "bin\Debug\net9.0\Telemedicina.Interfaces.dll". Iniciando nova tentativa 8 em 1000ms. The process cannot access the file 'C:\Users\camil\source\Ant\Telemedicina.2\Telemedicina.Api\bin\Debug\net9.0\Telemedicina.Interfaces.dll' because it is being used by another process. O arquivo ├® bloqueado por: "Telemedicina.Api (27804)" [C:\Users\camil\source\Ant\Telemedicina.2\Telemedicina.Api\Telemedicina.Api.csproj]
C:\Program Files\dotnet\sdk\9.0.311\Microsoft.Common.CurrentVersion.targets(5093,5): warning MSB3026: n├úo foi poss├¡vel copiar "C:\Users\camil\source\Ant\Telemedicina.2\Telemedicina.Services\bin\Debug\net9.0\Telemedicina.Services.dll" para "bin\Debug\net9.0\Telemedicina.Services.dll". Iniciando nova tentativa 8 em 1000ms. The process cannot access the file 'C:\Users\camil\source\Ant\Telemedicina.2\Telemedicina.Api\bin\Debug\net9.0\Telemedicina.Services.dll' because it is being used by another process. O arquivo ├® bloqueado por: "Telemedicina.Api (27804)" [C:\Users\camil\source\Ant\Telemedicina.2\Telemedicina.Api\Telemedicina.Api.csproj]
C:\Program Files\dotnet\sdk\9.0.311\Microsoft.Common.CurrentVersion.targets(5093,5): warning MSB3026: n├úo foi poss├¡vel copiar "C:\Users\camil\source\Ant\Telemedicina.2\Telemedicina.Infrastructure\bin\Debug\net9.0\Telemedicina.Infrastructure.dll" para "bin\Debug\net9.0\Telemedicina.Infrastructure.dll". Iniciando nova tentativa 8 em 1000ms. The process cannot access the file 'C:\Users\camil\source\Ant\Telemedicina.2\Telemedicina.Api\bin\Debug\net9.0\Telemedicina.Infrastructure.dll' because it is being used by another process. O arquivo ├® bloqueado por: "Telemedicina.Api (27804)" [C:\Users\camil\source\Ant\Telemedicina.2\Telemedicina.Api\Telemedicina.Api.csproj]
C:\Program Files\dotnet\sdk\9.0.311\Microsoft.Common.CurrentVersion.targets(5093,5): warning MSB3026: n├úo foi poss├¡vel copiar "C:\Users\camil\source\Ant\Telemedicina.2\Telemedicina.Domain\bin\Debug\net9.0\Telemedicina.Domain.dll" para "bin\Debug\net9.0\Telemedicina.Domain.dll". Iniciando nova tentativa 9 em 1000ms. The process cannot access the file 'C:\Users\camil\source\Ant\Telemedicina.2\Telemedicina.Api\bin\Debug\net9.0\Telemedicina.Domain.dll' because it is being used by another process. O arquivo ├® bloqueado por: "Telemedicina.Api (27804)" [C:\Users\camil\source\Ant\Telemedicina.2\Telemedicina.Api\Telemedicina.Api.csproj]
C:\Program Files\dotnet\sdk\9.0.311\Microsoft.Common.CurrentVersion.targets(5093,5): warning MSB3026: n├úo foi poss├¡vel copiar "C:\Users\camil\source\Ant\Telemedicina.2\Telemedicina.Interfaces\bin\Debug\net9.0\Telemedicina.Interfaces.dll" para "bin\Debug\net9.0\Telemedicina.Interfaces.dll". Iniciando nova tentativa 9 em 1000ms. The process cannot access the file 'C:\Users\camil\source\Ant\Telemedicina.2\Telemedicina.Api\bin\Debug\net9.0\Telemedicina.Interfaces.dll' because it is being used by another process. O arquivo ├® bloqueado por: "Telemedicina.Api (27804)" [C:\Users\camil\source\Ant\Telemedicina.2\Telemedicina.Api\Telemedicina.Api.csproj]
C:\Program Files\dotnet\sdk\9.0.311\Microsoft.Common.CurrentVersion.targets(5093,5): warning MSB3026: n├úo foi poss├¡vel copiar "C:\Users\camil\source\Ant\Telemedicina.2\Telemedicina.Infrastructure\bin\Debug\net9.0\Telemedicina.Infrastructure.dll" para "bin\Debug\net9.0\Telemedicina.Infrastructure.dll". Iniciando nova tentativa 9 em 1000ms. The process cannot access the file 'C:\Users\camil\source\Ant\Telemedicina.2\Telemedicina.Api\bin\Debug\net9.0\Telemedicina.Infrastructure.dll' because it is being used by another process. O arquivo ├® bloqueado por: "Telemedicina.Api (27804)" [C:\Users\camil\source\Ant\Telemedicina.2\Telemedicina.Api\Telemedicina.Api.csproj]
C:\Program Files\dotnet\sdk\9.0.311\Microsoft.Common.CurrentVersion.targets(5093,5): warning MSB3026: n├úo foi poss├¡vel copiar "C:\Users\camil\source\Ant\Telemedicina.2\Telemedicina.Services\bin\Debug\net9.0\Telemedicina.Services.dll" para "bin\Debug\net9.0\Telemedicina.Services.dll". Iniciando nova tentativa 9 em 1000ms. The process cannot access the file 'C:\Users\camil\source\Ant\Telemedicina.2\Telemedicina.Api\bin\Debug\net9.0\Telemedicina.Services.dll' because it is being used by another process. O arquivo ├® bloqueado por: "Telemedicina.Api (27804)" [C:\Users\camil\source\Ant\Telemedicina.2\Telemedicina.Api\Telemedicina.Api.csproj]
C:\Program Files\dotnet\sdk\9.0.311\Microsoft.Common.CurrentVersion.targets(5093,5): warning MSB3026: n├úo foi poss├¡vel copiar "C:\Users\camil\source\Ant\Telemedicina.2\Telemedicina.Domain\bin\Debug\net9.0\Telemedicina.Domain.dll" para "bin\Debug\net9.0\Telemedicina.Domain.dll". Iniciando nova tentativa 10 em 1000ms. The process cannot access the file 'C:\Users\camil\source\Ant\Telemedicina.2\Telemedicina.Api\bin\Debug\net9.0\Telemedicina.Domain.dll' because it is being used by another process. O arquivo ├® bloqueado por: "Telemedicina.Api (27804)" [C:\Users\camil\source\Ant\Telemedicina.2\Telemedicina.Api\Telemedicina.Api.csproj]
C:\Program Files\dotnet\sdk\9.0.311\Microsoft.Common.CurrentVersion.targets(5093,5): warning MSB3026: n├úo foi poss├¡vel copiar "C:\Users\camil\source\Ant\Telemedicina.2\Telemedicina.Interfaces\bin\Debug\net9.0\Telemedicina.Interfaces.dll" para "bin\Debug\net9.0\Telemedicina.Interfaces.dll". Iniciando nova tentativa 10 em 1000ms. The process cannot access the file 'C:\Users\camil\source\Ant\Telemedicina.2\Telemedicina.Api\bin\Debug\net9.0\Telemedicina.Interfaces.dll' because it is being used by another process. O arquivo ├® bloqueado por: "Telemedicina.Api (27804)" [C:\Users\camil\source\Ant\Telemedicina.2\Telemedicina.Api\Telemedicina.Api.csproj]
C:\Program Files\dotnet\sdk\9.0.311\Microsoft.Common.CurrentVersion.targets(5093,5): warning MSB3026: n├úo foi poss├¡vel copiar "C:\Users\camil\source\Ant\Telemedicina.2\Telemedicina.Infrastructure\bin\Debug\net9.0\Telemedicina.Infrastructure.dll" para "bin\Debug\net9.0\Telemedicina.Infrastructure.dll". Iniciando nova tentativa 10 em 1000ms. The process cannot access the file 'C:\Users\camil\source\Ant\Telemedicina.2\Telemedicina.Api\bin\Debug\net9.0\Telemedicina.Infrastructure.dll' because it is being used by another process. O arquivo ├® bloqueado por: "Telemedicina.Api (27804)" [C:\Users\camil\source\Ant\Telemedicina.2\Telemedicina.Api\Telemedicina.Api.csproj]
C:\Program Files\dotnet\sdk\9.0.311\Microsoft.Common.CurrentVersion.targets(5093,5): warning MSB3026: n├úo foi poss├¡vel copiar "C:\Users\camil\source\Ant\Telemedicina.2\Telemedicina.Services\bin\Debug\net9.0\Telemedicina.Services.dll" para "bin\Debug\net9.0\Telemedicina.Services.dll". Iniciando nova tentativa 10 em 1000ms. The process cannot access the file 'C:\Users\camil\source\Ant\Telemedicina.2\Telemedicina.Api\bin\Debug\net9.0\Telemedicina.Services.dll' because it is being used by another process. O arquivo ├® bloqueado por: "Telemedicina.Api (27804)" [C:\Users\camil\source\Ant\Telemedicina.2\Telemedicina.Api\Telemedicina.Api.csproj]
C:\Program Files\dotnet\sdk\9.0.311\Microsoft.Common.CurrentVersion.targets(5093,5): error MSB3027: n├úo foi poss├¡vel copiar "C:\Users\camil\source\Ant\Telemedicina.2\Telemedicina.Domain\bin\Debug\net9.0\Telemedicina.Domain.dll" para "bin\Debug\net9.0\Telemedicina.Domain.dll". N├║mero de novas tentativas 10 excedido. Falha. O arquivo ├® bloqueado por: "Telemedicina.Api (27804)" [C:\Users\camil\source\Ant\Telemedicina.2\Telemedicina.Api\Telemedicina.Api.csproj]
C:\Program Files\dotnet\sdk\9.0.311\Microsoft.Common.CurrentVersion.targets(5093,5): error MSB3027: n├úo foi poss├¡vel copiar "C:\Users\camil\source\Ant\Telemedicina.2\Telemedicina.Interfaces\bin\Debug\net9.0\Telemedicina.Interfaces.dll" para "bin\Debug\net9.0\Telemedicina.Interfaces.dll". N├║mero de novas tentativas 10 excedido. Falha. O arquivo ├® bloqueado por: "Telemedicina.Api (27804)" [C:\Users\camil\source\Ant\Telemedicina.2\Telemedicina.Api\Telemedicina.Api.csproj]
C:\Program Files\dotnet\sdk\9.0.311\Microsoft.Common.CurrentVersion.targets(5093,5): error MSB3021: N├úo ├® poss├¡vel copiar o arquivo "C:\Users\camil\source\Ant\Telemedicina.2\Telemedicina.Domain\bin\Debug\net9.0\Telemedicina.Domain.dll" para "bin\Debug\net9.0\Telemedicina.Domain.dll". The process cannot access the file 'C:\Users\camil\source\Ant\Telemedicina.2\Telemedicina.Api\bin\Debug\net9.0\Telemedicina.Domain.dll' because it is being used by another process. [C:\Users\camil\source\Ant\Telemedicina.2\Telemedicina.Api\Telemedicina.Api.csproj]
C:\Program Files\dotnet\sdk\9.0.311\Microsoft.Common.CurrentVersion.targets(5093,5): error MSB3021: N├úo ├® poss├¡vel copiar o arquivo "C:\Users\camil\source\Ant\Telemedicina.2\Telemedicina.Interfaces\bin\Debug\net9.0\Telemedicina.Interfaces.dll" para "bin\Debug\net9.0\Telemedicina.Interfaces.dll". The process cannot access the file 'C:\Users\camil\source\Ant\Telemedicina.2\Telemedicina.Api\bin\Debug\net9.0\Telemedicina.Interfaces.dll' because it is being used by another process. [C:\Users\camil\source\Ant\Telemedicina.2\Telemedicina.Api\Telemedicina.Api.csproj]
C:\Program Files\dotnet\sdk\9.0.311\Microsoft.Common.CurrentVersion.targets(5093,5): error MSB3027: n├úo foi poss├¡vel copiar "C:\Users\camil\source\Ant\Telemedicina.2\Telemedicina.Services\bin\Debug\net9.0\Telemedicina.Services.dll" para "bin\Debug\net9.0\Telemedicina.Services.dll". N├║mero de novas tentativas 10 excedido. Falha. O arquivo ├® bloqueado por: "Telemedicina.Api (27804)" [C:\Users\camil\source\Ant\Telemedicina.2\Telemedicina.Api\Telemedicina.Api.csproj]
C:\Program Files\dotnet\sdk\9.0.311\Microsoft.Common.CurrentVersion.targets(5093,5): error MSB3021: N├úo ├® poss├¡vel copiar o arquivo "C:\Users\camil\source\Ant\Telemedicina.2\Telemedicina.Services\bin\Debug\net9.0\Telemedicina.Services.dll" para "bin\Debug\net9.0\Telemedicina.Services.dll". The process cannot access the file 'C:\Users\camil\source\Ant\Telemedicina.2\Telemedicina.Api\bin\Debug\net9.0\Telemedicina.Services.dll' because it is being used by another process. [C:\Users\camil\source\Ant\Telemedicina.2\Telemedicina.Api\Telemedicina.Api.csproj]
C:\Program Files\dotnet\sdk\9.0.311\Microsoft.Common.CurrentVersion.targets(5093,5): error MSB3027: n├úo foi poss├¡vel copiar "C:\Users\camil\source\Ant\Telemedicina.2\Telemedicina.Infrastructure\bin\Debug\net9.0\Telemedicina.Infrastructure.dll" para "bin\Debug\net9.0\Telemedicina.Infrastructure.dll". N├║mero de novas tentativas 10 excedido. Falha. O arquivo ├® bloqueado por: "Telemedicina.Api (27804)" [C:\Users\camil\source\Ant\Telemedicina.2\Telemedicina.Api\Telemedicina.Api.csproj]
C:\Program Files\dotnet\sdk\9.0.311\Microsoft.Common.CurrentVersion.targets(5093,5): error MSB3021: N├úo ├® poss├¡vel copiar o arquivo "C:\Users\camil\source\Ant\Telemedicina.2\Telemedicina.Infrastructure\bin\Debug\net9.0\Telemedicina.Infrastructure.dll" para "bin\Debug\net9.0\Telemedicina.Infrastructure.dll". The process cannot access the file 'C:\Users\camil\source\Ant\Telemedicina.2\Telemedicina.Api\bin\Debug\net9.0\Telemedicina.Infrastructure.dll' because it is being used by another process. [C:\Users\camil\source\Ant\Telemedicina.2\Telemedicina.Api\Telemedicina.Api.csproj]

FALHA da compila├º├úo.

C:\Program Files\dotnet\sdk\9.0.311\Microsoft.Common.CurrentVersion.targets(5093,5): warning MSB3026: n├úo foi poss├¡vel copiar "C:\Users\camil\source\Ant\Telemedicina.2\Telemedicina.Domain\bin\Debug\net9.0\Telemedicina.Domain.dll" para "bin\Debug\net9.0\Telemedicina.Domain.dll". Iniciando nova tentativa 1 em 1000ms. The process cannot access the file 'C:\Users\camil\source\Ant\Telemedicina.2\Telemedicina.Api\bin\Debug\net9.0\Telemedicina.Domain.dll' because it is being used by another process. O arquivo ├® bloqueado por: "Telemedicina.Api (27804)" [C:\Users\camil\source\Ant\Telemedicina.2\Telemedicina.Api\Telemedicina.Api.csproj]
C:\Program Files\dotnet\sdk\9.0.311\Microsoft.Common.CurrentVersion.targets(5093,5): warning MSB3026: n├úo foi poss├¡vel copiar "C:\Users\camil\source\Ant\Telemedicina.2\Telemedicina.Services\bin\Debug\net9.0\Telemedicina.Services.dll" para "bin\Debug\net9.0\Telemedicina.Services.dll". Iniciando nova tentativa 1 em 1000ms. The process cannot access the file 'C:\Users\camil\source\Ant\Telemedicina.2\Telemedicina.Api\bin\Debug\net9.0\Telemedicina.Services.dll' because it is being used by another process. O arquivo ├® bloqueado por: "Telemedicina.Api (27804)" [C:\Users\camil\source\Ant\Telemedicina.2\Telemedicina.Api\Telemedicina.Api.csproj]
C:\Program Files\dotnet\sdk\9.0.311\Microsoft.Common.CurrentVersion.targets(5093,5): warning MSB3026: n├úo foi poss├¡vel copiar "C:\Users\camil\source\Ant\Telemedicina.2\Telemedicina.Interfaces\bin\Debug\net9.0\Telemedicina.Interfaces.dll" para "bin\Debug\net9.0\Telemedicina.Interfaces.dll". Iniciando nova tentativa 1 em 1000ms. The process cannot access the file 'C:\Users\camil\source\Ant\Telemedicina.2\Telemedicina.Api\bin\Debug\net9.0\Telemedicina.Interfaces.dll' because it is being used by another process. O arquivo ├® bloqueado por: "Telemedicina.Api (27804)" [C:\Users\camil\source\Ant\Telemedicina.2\Telemedicina.Api\Telemedicina.Api.csproj]
C:\Program Files\dotnet\sdk\9.0.311\Microsoft.Common.CurrentVersion.targets(5093,5): warning MSB3026: n├úo foi poss├¡vel copiar "C:\Users\camil\source\Ant\Telemedicina.2\Telemedicina.Infrastructure\bin\Debug\net9.0\Telemedicina.Infrastructure.dll" para "bin\Debug\net9.0\Telemedicina.Infrastructure.dll". Iniciando nova tentativa 1 em 1000ms. The process cannot access the file 'C:\Users\camil\source\Ant\Telemedicina.2\Telemedicina.Api\bin\Debug\net9.0\Telemedicina.Infrastructure.dll' because it is being used by another process. O arquivo ├® bloqueado por: "Telemedicina.Api (27804)" [C:\Users\camil\source\Ant\Telemedicina.2\Telemedicina.Api\Telemedicina.Api.csproj]
C:\Program Files\dotnet\sdk\9.0.311\Microsoft.Common.CurrentVersion.targets(5093,5): warning MSB3026: n├úo foi poss├¡vel copiar "C:\Users\camil\source\Ant\Telemedicina.2\Telemedicina.Interfaces\bin\Debug\net9.0\Telemedicina.Interfaces.dll" para "bin\Debug\net9.0\Telemedicina.Interfaces.dll". Iniciando nova tentativa 2 em 1000ms. The process cannot access the file 'C:\Users\camil\source\Ant\Telemedicina.2\Telemedicina.Api\bin\Debug\net9.0\Telemedicina.Interfaces.dll' because it is being used by another process. O arquivo ├® bloqueado por: "Telemedicina.Api (27804)" [C:\Users\camil\source\Ant\Telemedicina.2\Telemedicina.Api\Telemedicina.Api.csproj]
C:\Program Files\dotnet\sdk\9.0.311\Microsoft.Common.CurrentVersion.targets(5093,5): warning MSB3026: n├úo foi poss├¡vel copiar "C:\Users\camil\source\Ant\Telemedicina.2\Telemedicina.Domain\bin\Debug\net9.0\Telemedicina.Domain.dll" para "bin\Debug\net9.0\Telemedicina.Domain.dll". Iniciando nova tentativa 2 em 1000ms. The process cannot access the file 'C:\Users\camil\source\Ant\Telemedicina.2\Telemedicina.Api\bin\Debug\net9.0\Telemedicina.Domain.dll' because it is being used by another process. O arquivo ├® bloqueado por: "Telemedicina.Api (27804)" [C:\Users\camil\source\Ant\Telemedicina.2\Telemedicina.Api\Telemedicina.Api.csproj]
C:\Program Files\dotnet\sdk\9.0.311\Microsoft.Common.CurrentVersion.targets(5093,5): warning MSB3026: n├úo foi poss├¡vel copiar "C:\Users\camil\source\Ant\Telemedicina.2\Telemedicina.Infrastructure\bin\Debug\net9.0\Telemedicina.Infrastructure.dll" para "bin\Debug\net9.0\Telemedicina.Infrastructure.dll". Iniciando nova tentativa 2 em 1000ms. The process cannot access the file 'C:\Users\camil\source\Ant\Telemedicina.2\Telemedicina.Api\bin\Debug\net9.0\Telemedicina.Infrastructure.dll' because it is being used by another process. O arquivo ├® bloqueado por: "Telemedicina.Api (27804)" [C:\Users\camil\source\Ant\Telemedicina.2\Telemedicina.Api\Telemedicina.Api.csproj]
C:\Program Files\dotnet\sdk\9.0.311\Microsoft.Common.CurrentVersion.targets(5093,5): warning MSB3026: n├úo foi poss├¡vel copiar "C:\Users\camil\source\Ant\Telemedicina.2\Telemedicina.Services\bin\Debug\net9.0\Telemedicina.Services.dll" para "bin\Debug\net9.0\Telemedicina.Services.dll". Iniciando nova tentativa 2 em 1000ms. The process cannot access the file 'C:\Users\camil\source\Ant\Telemedicina.2\Telemedicina.Api\bin\Debug\net9.0\Telemedicina.Services.dll' because it is being used by another process. O arquivo ├® bloqueado por: "Telemedicina.Api (27804)" [C:\Users\camil\source\Ant\Telemedicina.2\Telemedicina.Api\Telemedicina.Api.csproj]
C:\Program Files\dotnet\sdk\9.0.311\Microsoft.Common.CurrentVersion.targets(5093,5): warning MSB3026: n├úo foi poss├¡vel copiar "C:\Users\camil\source\Ant\Telemedicina.2\Telemedicina.Interfaces\bin\Debug\net9.0\Telemedicina.Interfaces.dll" para "bin\Debug\net9.0\Telemedicina.Interfaces.dll". Iniciando nova tentativa 3 em 1000ms. The process cannot access the file 'C:\Users\camil\source\Ant\Telemedicina.2\Telemedicina.Api\bin\Debug\net9.0\Telemedicina.Interfaces.dll' because it is being used by another process. O arquivo ├® bloqueado por: "Telemedicina.Api (27804)" [C:\Users\camil\source\Ant\Telemedicina.2\Telemedicina.Api\Telemedicina.Api.csproj]
C:\Program Files\dotnet\sdk\9.0.311\Microsoft.Common.CurrentVersion.targets(5093,5): warning MSB3026: n├úo foi poss├¡vel copiar "C:\Users\camil\source\Ant\Telemedicina.2\Telemedicina.Domain\bin\Debug\net9.0\Telemedicina.Domain.dll" para "bin\Debug\net9.0\Telemedicina.Domain.dll". Iniciando nova tentativa 3 em 1000ms. The process cannot access the file 'C:\Users\camil\source\Ant\Telemedicina.2\Telemedicina.Api\bin\Debug\net9.0\Telemedicina.Domain.dll' because it is being used by another process. O arquivo ├® bloqueado por: "Telemedicina.Api (27804)" [C:\Users\camil\source\Ant\Telemedicina.2\Telemedicina.Api\Telemedicina.Api.csproj]
C:\Program Files\dotnet\sdk\9.0.311\Microsoft.Common.CurrentVersion.targets(5093,5): warning MSB3026: n├úo foi poss├¡vel copiar "C:\Users\camil\source\Ant\Telemedicina.2\Telemedicina.Infrastructure\bin\Debug\net9.0\Telemedicina.Infrastructure.dll" para "bin\Debug\net9.0\Telemedicina.Infrastructure.dll". Iniciando nova tentativa 3 em 1000ms. The process cannot access the file 'C:\Users\camil\source\Ant\Telemedicina.2\Telemedicina.Api\bin\Debug\net9.0\Telemedicina.Infrastructure.dll' because it is being used by another process. O arquivo ├® bloqueado por: "Telemedicina.Api (27804)" [C:\Users\camil\source\Ant\Telemedicina.2\Telemedicina.Api\Telemedicina.Api.csproj]
C:\Program Files\dotnet\sdk\9.0.311\Microsoft.Common.CurrentVersion.targets(5093,5): warning MSB3026: n├úo foi poss├¡vel copiar "C:\Users\camil\source\Ant\Telemedicina.2\Telemedicina.Services\bin\Debug\net9.0\Telemedicina.Services.dll" para "bin\Debug\net9.0\Telemedicina.Services.dll". Iniciando nova tentativa 3 em 1000ms. The process cannot access the file 'C:\Users\camil\source\Ant\Telemedicina.2\Telemedicina.Api\bin\Debug\net9.0\Telemedicina.Services.dll' because it is being used by another process. O arquivo ├® bloqueado por: "Telemedicina.Api (27804)" [C:\Users\camil\source\Ant\Telemedicina.2\Telemedicina.Api\Telemedicina.Api.csproj]
C:\Program Files\dotnet\sdk\9.0.311\Microsoft.Common.CurrentVersion.targets(5093,5): warning MSB3026: n├úo foi poss├¡vel copiar "C:\Users\camil\source\Ant\Telemedicina.2\Telemedicina.Interfaces\bin\Debug\net9.0\Telemedicina.Interfaces.dll" para "bin\Debug\net9.0\Telemedicina.Interfaces.dll". Iniciando nova tentativa 4 em 1000ms. The process cannot access the file 'C:\Users\camil\source\Ant\Telemedicina.2\Telemedicina.Api\bin\Debug\net9.0\Telemedicina.Interfaces.dll' because it is being used by another process. O arquivo ├® bloqueado por: "Telemedicina.Api (27804)" [C:\Users\camil\source\Ant\Telemedicina.2\Telemedicina.Api\Telemedicina.Api.csproj]
C:\Program Files\dotnet\sdk\9.0.311\Microsoft.Common.CurrentVersion.targets(5093,5): warning MSB3026: n├úo foi poss├¡vel copiar "C:\Users\camil\source\Ant\Telemedicina.2\Telemedicina.Domain\bin\Debug\net9.0\Telemedicina.Domain.dll" para "bin\Debug\net9.0\Telemedicina.Domain.dll". Iniciando nova tentativa 4 em 1000ms. The process cannot access the file 'C:\Users\camil\source\Ant\Telemedicina.2\Telemedicina.Api\bin\Debug\net9.0\Telemedicina.Domain.dll' because it is being used by another process. O arquivo ├® bloqueado por: "Telemedicina.Api (27804)" [C:\Users\camil\source\Ant\Telemedicina.2\Telemedicina.Api\Telemedicina.Api.csproj]
C:\Program Files\dotnet\sdk\9.0.311\Microsoft.Common.CurrentVersion.targets(5093,5): warning MSB3026: n├úo foi poss├¡vel copiar "C:\Users\camil\source\Ant\Telemedicina.2\Telemedicina.Infrastructure\bin\Debug\net9.0\Telemedicina.Infrastructure.dll" para "bin\Debug\net9.0\Telemedicina.Infrastructure.dll". Iniciando nova tentativa 4 em 1000ms. The process cannot access the file 'C:\Users\camil\source\Ant\Telemedicina.2\Telemedicina.Api\bin\Debug\net9.0\Telemedicina.Infrastructure.dll' because it is being used by another process. O arquivo ├® bloqueado por: "Telemedicina.Api (27804)" [C:\Users\camil\source\Ant\Telemedicina.2\Telemedicina.Api\Telemedicina.Api.csproj]
C:\Program Files\dotnet\sdk\9.0.311\Microsoft.Common.CurrentVersion.targets(5093,5): warning MSB3026: n├úo foi poss├¡vel copiar "C:\Users\camil\source\Ant\Telemedicina.2\Telemedicina.Services\bin\Debug\net9.0\Telemedicina.Services.dll" para "bin\Debug\net9.0\Telemedicina.Services.dll". Iniciando nova tentativa 4 em 1000ms. The process cannot access the file 'C:\Users\camil\source\Ant\Telemedicina.2\Telemedicina.Api\bin\Debug\net9.0\Telemedicina.Services.dll' because it is being used by another process. O arquivo ├® bloqueado por: "Telemedicina.Api (27804)" [C:\Users\camil\source\Ant\Telemedicina.2\Telemedicina.Api\Telemedicina.Api.csproj]
C:\Program Files\dotnet\sdk\9.0.311\Microsoft.Common.CurrentVersion.targets(5093,5): warning MSB3026: n├úo foi poss├¡vel copiar "C:\Users\camil\source\Ant\Telemedicina.2\Telemedicina.Domain\bin\Debug\net9.0\Telemedicina.Domain.dll" para "bin\Debug\net9.0\Telemedicina.Domain.dll". Iniciando nova tentativa 5 em 1000ms. The process cannot access the file 'C:\Users\camil\source\Ant\Telemedicina.2\Telemedicina.Api\bin\Debug\net9.0\Telemedicina.Domain.dll' because it is being used by another process. O arquivo ├® bloqueado por: "Telemedicina.Api (27804)" [C:\Users\camil\source\Ant\Telemedicina.2\Telemedicina.Api\Telemedicina.Api.csproj]
C:\Program Files\dotnet\sdk\9.0.311\Microsoft.Common.CurrentVersion.targets(5093,5): warning MSB3026: n├úo foi poss├¡vel copiar "C:\Users\camil\source\Ant\Telemedicina.2\Telemedicina.Interfaces\bin\Debug\net9.0\Telemedicina.Interfaces.dll" para "bin\Debug\net9.0\Telemedicina.Interfaces.dll". Iniciando nova tentativa 5 em 1000ms. The process cannot access the file 'C:\Users\camil\source\Ant\Telemedicina.2\Telemedicina.Api\bin\Debug\net9.0\Telemedicina.Interfaces.dll' because it is being used by another process. O arquivo ├® bloqueado por: "Telemedicina.Api (27804)" [C:\Users\camil\source\Ant\Telemedicina.2\Telemedicina.Api\Telemedicina.Api.csproj]
C:\Program Files\dotnet\sdk\9.0.311\Microsoft.Common.CurrentVersion.targets(5093,5): warning MSB3026: n├úo foi poss├¡vel copiar "C:\Users\camil\source\Ant\Telemedicina.2\Telemedicina.Services\bin\Debug\net9.0\Telemedicina.Services.dll" para "bin\Debug\net9.0\Telemedicina.Services.dll". Iniciando nova tentativa 5 em 1000ms. The process cannot access the file 'C:\Users\camil\source\Ant\Telemedicina.2\Telemedicina.Api\bin\Debug\net9.0\Telemedicina.Services.dll' because it is being used by another process. O arquivo ├® bloqueado por: "Telemedicina.Api (27804)" [C:\Users\camil\source\Ant\Telemedicina.2\Telemedicina.Api\Telemedicina.Api.csproj]
C:\Program Files\dotnet\sdk\9.0.311\Microsoft.Common.CurrentVersion.targets(5093,5): warning MSB3026: n├úo foi poss├¡vel copiar "C:\Users\camil\source\Ant\Telemedicina.2\Telemedicina.Infrastructure\bin\Debug\net9.0\Telemedicina.Infrastructure.dll" para "bin\Debug\net9.0\Telemedicina.Infrastructure.dll". Iniciando nova tentativa 5 em 1000ms. The process cannot access the file 'C:\Users\camil\source\Ant\Telemedicina.2\Telemedicina.Api\bin\Debug\net9.0\Telemedicina.Infrastructure.dll' because it is being used by another process. O arquivo ├® bloqueado por: "Telemedicina.Api (27804)" [C:\Users\camil\source\Ant\Telemedicina.2\Telemedicina.Api\Telemedicina.Api.csproj]
C:\Program Files\dotnet\sdk\9.0.311\Microsoft.Common.CurrentVersion.targets(5093,5): warning MSB3026: n├úo foi poss├¡vel copiar "C:\Users\camil\source\Ant\Telemedicina.2\Telemedicina.Interfaces\bin\Debug\net9.0\Telemedicina.Interfaces.dll" para "bin\Debug\net9.0\Telemedicina.Interfaces.dll". Iniciando nova tentativa 6 em 1000ms. The process cannot access the file 'C:\Users\camil\source\Ant\Telemedicina.2\Telemedicina.Api\bin\Debug\net9.0\Telemedicina.Interfaces.dll' because it is being used by another process. O arquivo ├® bloqueado por: "Telemedicina.Api (27804)" [C:\Users\camil\source\Ant\Telemedicina.2\Telemedicina.Api\Telemedicina.Api.csproj]
C:\Program Files\dotnet\sdk\9.0.311\Microsoft.Common.CurrentVersion.targets(5093,5): warning MSB3026: n├úo foi poss├¡vel copiar "C:\Users\camil\source\Ant\Telemedicina.2\Telemedicina.Domain\bin\Debug\net9.0\Telemedicina.Domain.dll" para "bin\Debug\net9.0\Telemedicina.Domain.dll". Iniciando nova tentativa 6 em 1000ms. The process cannot access the file 'C:\Users\camil\source\Ant\Telemedicina.2\Telemedicina.Api\bin\Debug\net9.0\Telemedicina.Domain.dll' because it is being used by another process. O arquivo ├® bloqueado por: "Telemedicina.Api (27804)" [C:\Users\camil\source\Ant\Telemedicina.2\Telemedicina.Api\Telemedicina.Api.csproj]
C:\Program Files\dotnet\sdk\9.0.311\Microsoft.Common.CurrentVersion.targets(5093,5): warning MSB3026: n├úo foi poss├¡vel copiar "C:\Users\camil\source\Ant\Telemedicina.2\Telemedicina.Infrastructure\bin\Debug\net9.0\Telemedicina.Infrastructure.dll" para "bin\Debug\net9.0\Telemedicina.Infrastructure.dll". Iniciando nova tentativa 6 em 1000ms. The process cannot access the file 'C:\Users\camil\source\Ant\Telemedicina.2\Telemedicina.Api\bin\Debug\net9.0\Telemedicina.Infrastructure.dll' because it is being used by another process. O arquivo ├® bloqueado por: "Telemedicina.Api (27804)" [C:\Users\camil\source\Ant\Telemedicina.2\Telemedicina.Api\Telemedicina.Api.csproj]
C:\Program Files\dotnet\sdk\9.0.311\Microsoft.Common.CurrentVersion.targets(5093,5): warning MSB3026: n├úo foi poss├¡vel copiar "C:\Users\camil\source\Ant\Telemedicina.2\Telemedicina.Services\bin\Debug\net9.0\Telemedicina.Services.dll" para "bin\Debug\net9.0\Telemedicina.Services.dll". Iniciando nova tentativa 6 em 1000ms. The process cannot access the file 'C:\Users\camil\source\Ant\Telemedicina.2\Telemedicina.Api\bin\Debug\net9.0\Telemedicina.Services.dll' because it is being used by another process. O arquivo ├® bloqueado por: "Telemedicina.Api (27804)" [C:\Users\camil\source\Ant\Telemedicina.2\Telemedicina.Api\Telemedicina.Api.csproj]
C:\Program Files\dotnet\sdk\9.0.311\Microsoft.Common.CurrentVersion.targets(5093,5): warning MSB3026: n├úo foi poss├¡vel copiar "C:\Users\camil\source\Ant\Telemedicina.2\Telemedicina.Interfaces\bin\Debug\net9.0\Telemedicina.Interfaces.dll" para "bin\Debug\net9.0\Telemedicina.Interfaces.dll". Iniciando nova tentativa 7 em 1000ms. The process cannot access the file 'C:\Users\camil\source\Ant\Telemedicina.2\Telemedicina.Api\bin\Debug\net9.0\Telemedicina.Interfaces.dll' because it is being used by another process. O arquivo ├® bloqueado por: "Telemedicina.Api (27804)" [C:\Users\camil\source\Ant\Telemedicina.2\Telemedicina.Api\Telemedicina.Api.csproj]
C:\Program Files\dotnet\sdk\9.0.311\Microsoft.Common.CurrentVersion.targets(5093,5): warning MSB3026: n├úo foi poss├¡vel copiar "C:\Users\camil\source\Ant\Telemedicina.2\Telemedicina.Domain\bin\Debug\net9.0\Telemedicina.Domain.dll" para "bin\Debug\net9.0\Telemedicina.Domain.dll". Iniciando nova tentativa 7 em 1000ms. The process cannot access the file 'C:\Users\camil\source\Ant\Telemedicina.2\Telemedicina.Api\bin\Debug\net9.0\Telemedicina.Domain.dll' because it is being used by another process. O arquivo ├® bloqueado por: "Telemedicina.Api (27804)" [C:\Users\camil\source\Ant\Telemedicina.2\Telemedicina.Api\Telemedicina.Api.csproj]
C:\Program Files\dotnet\sdk\9.0.311\Microsoft.Common.CurrentVersion.targets(5093,5): warning MSB3026: n├úo foi poss├¡vel copiar "C:\Users\camil\source\Ant\Telemedicina.2\Telemedicina.Infrastructure\bin\Debug\net9.0\Telemedicina.Infrastructure.dll" para "bin\Debug\net9.0\Telemedicina.Infrastructure.dll". Iniciando nova tentativa 7 em 1000ms. The process cannot access the file 'C:\Users\camil\source\Ant\Telemedicina.2\Telemedicina.Api\bin\Debug\net9.0\Telemedicina.Infrastructure.dll' because it is being used by another process. O arquivo ├® bloqueado por: "Telemedicina.Api (27804)" [C:\Users\camil\source\Ant\Telemedicina.2\Telemedicina.Api\Telemedicina.Api.csproj]
C:\Program Files\dotnet\sdk\9.0.311\Microsoft.Common.CurrentVersion.targets(5093,5): warning MSB3026: n├úo foi poss├¡vel copiar "C:\Users\camil\source\Ant\Telemedicina.2\Telemedicina.Services\bin\Debug\net9.0\Telemedicina.Services.dll" para "bin\Debug\net9.0\Telemedicina.Services.dll". Iniciando nova tentativa 7 em 1000ms. The process cannot access the file 'C:\Users\camil\source\Ant\Telemedicina.2\Telemedicina.Api\bin\Debug\net9.0\Telemedicina.Services.dll' because it is being used by another process. O arquivo ├® bloqueado por: "Telemedicina.Api (27804)" [C:\Users\camil\source\Ant\Telemedicina.2\Telemedicina.Api\Telemedicina.Api.csproj]
C:\Program Files\dotnet\sdk\9.0.311\Microsoft.Common.CurrentVersion.targets(5093,5): warning MSB3026: n├úo foi poss├¡vel copiar "C:\Users\camil\source\Ant\Telemedicina.2\Telemedicina.Domain\bin\Debug\net9.0\Telemedicina.Domain.dll" para "bin\Debug\net9.0\Telemedicina.Domain.dll". Iniciando nova tentativa 8 em 1000ms. The process cannot access the file 'C:\Users\camil\source\Ant\Telemedicina.2\Telemedicina.Api\bin\Debug\net9.0\Telemedicina.Domain.dll' because it is being used by another process. O arquivo ├® bloqueado por: "Telemedicina.Api (27804)" [C:\Users\camil\source\Ant\Telemedicina.2\Telemedicina.Api\Telemedicina.Api.csproj]
C:\Program Files\dotnet\sdk\9.0.311\Microsoft.Common.CurrentVersion.targets(5093,5): warning MSB3026: n├úo foi poss├¡vel copiar "C:\Users\camil\source\Ant\Telemedicina.2\Telemedicina.Interfaces\bin\Debug\net9.0\Telemedicina.Interfaces.dll" para "bin\Debug\net9.0\Telemedicina.Interfaces.dll". Iniciando nova tentativa 8 em 1000ms. The process cannot access the file 'C:\Users\camil\source\Ant\Telemedicina.2\Telemedicina.Api\bin\Debug\net9.0\Telemedicina.Interfaces.dll' because it is being used by another process. O arquivo ├® bloqueado por: "Telemedicina.Api (27804)" [C:\Users\camil\source\Ant\Telemedicina.2\Telemedicina.Api\Telemedicina.Api.csproj]
C:\Program Files\dotnet\sdk\9.0.311\Microsoft.Common.CurrentVersion.targets(5093,5): warning MSB3026: n├úo foi poss├¡vel copiar "C:\Users\camil\source\Ant\Telemedicina.2\Telemedicina.Services\bin\Debug\net9.0\Telemedicina.Services.dll" para "bin\Debug\net9.0\Telemedicina.Services.dll". Iniciando nova tentativa 8 em 1000ms. The process cannot access the file 'C:\Users\camil\source\Ant\Telemedicina.2\Telemedicina.Api\bin\Debug\net9.0\Telemedicina.Services.dll' because it is being used by another process. O arquivo ├® bloqueado por: "Telemedicina.Api (27804)" [C:\Users\camil\source\Ant\Telemedicina.2\Telemedicina.Api\Telemedicina.Api.csproj]
C:\Program Files\dotnet\sdk\9.0.311\Microsoft.Common.CurrentVersion.targets(5093,5): warning MSB3026: n├úo foi poss├¡vel copiar "C:\Users\camil\source\Ant\Telemedicina.2\Telemedicina.Infrastructure\bin\Debug\net9.0\Telemedicina.Infrastructure.dll" para "bin\Debug\net9.0\Telemedicina.Infrastructure.dll". Iniciando nova tentativa 8 em 1000ms. The process cannot access the file 'C:\Users\camil\source\Ant\Telemedicina.2\Telemedicina.Api\bin\Debug\net9.0\Telemedicina.Infrastructure.dll' because it is being used by another process. O arquivo ├® bloqueado por: "Telemedicina.Api (27804)" [C:\Users\camil\source\Ant\Telemedicina.2\Telemedicina.Api\Telemedicina.Api.csproj]
C:\Program Files\dotnet\sdk\9.0.311\Microsoft.Common.CurrentVersion.targets(5093,5): warning MSB3026: n├úo foi poss├¡vel copiar "C:\Users\camil\source\Ant\Telemedicina.2\Telemedicina.Domain\bin\Debug\net9.0\Telemedicina.Domain.dll" para "bin\Debug\net9.0\Telemedicina.Domain.dll". Iniciando nova tentativa 9 em 1000ms. The process cannot access the file 'C:\Users\camil\source\Ant\Telemedicina.2\Telemedicina.Api\bin\Debug\net9.0\Telemedicina.Domain.dll' because it is being used by another process. O arquivo ├® bloqueado por: "Telemedicina.Api (27804)" [C:\Users\camil\source\Ant\Telemedicina.2\Telemedicina.Api\Telemedicina.Api.csproj]
C:\Program Files\dotnet\sdk\9.0.311\Microsoft.Common.CurrentVersion.targets(5093,5): warning MSB3026: n├úo foi poss├¡vel copiar "C:\Users\camil\source\Ant\Telemedicina.2\Telemedicina.Interfaces\bin\Debug\net9.0\Telemedicina.Interfaces.dll" para "bin\Debug\net9.0\Telemedicina.Interfaces.dll". Iniciando nova tentativa 9 em 1000ms. The process cannot access the file 'C:\Users\camil\source\Ant\Telemedicina.2\Telemedicina.Api\bin\Debug\net9.0\Telemedicina.Interfaces.dll' because it is being used by another process. O arquivo ├® bloqueado por: "Telemedicina.Api (27804)" [C:\Users\camil\source\Ant\Telemedicina.2\Telemedicina.Api\Telemedicina.Api.csproj]
C:\Program Files\dotnet\sdk\9.0.311\Microsoft.Common.CurrentVersion.targets(5093,5): warning MSB3026: n├úo foi poss├¡vel copiar "C:\Users\camil\source\Ant\Telemedicina.2\Telemedicina.Infrastructure\bin\Debug\net9.0\Telemedicina.Infrastructure.dll" para "bin\Debug\net9.0\Telemedicina.Infrastructure.dll". Iniciando nova tentativa 9 em 1000ms. The process cannot access the file 'C:\Users\camil\source\Ant\Telemedicina.2\Telemedicina.Api\bin\Debug\net9.0\Telemedicina.Infrastructure.dll' because it is being used by another process. O arquivo ├® bloqueado por: "Telemedicina.Api (27804)" [C:\Users\camil\source\Ant\Telemedicina.2\Telemedicina.Api\Telemedicina.Api.csproj]
C:\Program Files\dotnet\sdk\9.0.311\Microsoft.Common.CurrentVersion.targets(5093,5): warning MSB3026: n├úo foi poss├¡vel copiar "C:\Users\camil\source\Ant\Telemedicina.2\Telemedicina.Services\bin\Debug\net9.0\Telemedicina.Services.dll" para "bin\Debug\net9.0\Telemedicina.Services.dll". Iniciando nova tentativa 9 em 1000ms. The process cannot access the file 'C:\Users\camil\source\Ant\Telemedicina.2\Telemedicina.Api\bin\Debug\net9.0\Telemedicina.Services.dll' because it is being used by another process. O arquivo ├® bloqueado por: "Telemedicina.Api (27804)" [C:\Users\camil\source\Ant\Telemedicina.2\Telemedicina.Api\Telemedicina.Api.csproj]
C:\Program Files\dotnet\sdk\9.0.311\Microsoft.Common.CurrentVersion.targets(5093,5): warning MSB3026: n├úo foi poss├¡vel copiar "C:\Users\camil\source\Ant\Telemedicina.2\Telemedicina.Domain\bin\Debug\net9.0\Telemedicina.Domain.dll" para "bin\Debug\net9.0\Telemedicina.Domain.dll". Iniciando nova tentativa 10 em 1000ms. The process cannot access the file 'C:\Users\camil\source\Ant\Telemedicina.2\Telemedicina.Api\bin\Debug\net9.0\Telemedicina.Domain.dll' because it is being used by another process. O arquivo ├® bloqueado por: "Telemedicina.Api (27804)" [C:\Users\camil\source\Ant\Telemedicina.2\Telemedicina.Api\Telemedicina.Api.csproj]
C:\Program Files\dotnet\sdk\9.0.311\Microsoft.Common.CurrentVersion.targets(5093,5): warning MSB3026: n├úo foi poss├¡vel copiar "C:\Users\camil\source\Ant\Telemedicina.2\Telemedicina.Interfaces\bin\Debug\net9.0\Telemedicina.Interfaces.dll" para "bin\Debug\net9.0\Telemedicina.Interfaces.dll". Iniciando nova tentativa 10 em 1000ms. The process cannot access the file 'C:\Users\camil\source\Ant\Telemedicina.2\Telemedicina.Api\bin\Debug\net9.0\Telemedicina.Interfaces.dll' because it is being used by another process. O arquivo ├® bloqueado por: "Telemedicina.Api (27804)" [C:\Users\camil\source\Ant\Telemedicina.2\Telemedicina.Api\Telemedicina.Api.csproj]
C:\Program Files\dotnet\sdk\9.0.311\Microsoft.Common.CurrentVersion.targets(5093,5): warning MSB3026: n├úo foi poss├¡vel copiar "C:\Users\camil\source\Ant\Telemedicina.2\Telemedicina.Infrastructure\bin\Debug\net9.0\Telemedicina.Infrastructure.dll" para "bin\Debug\net9.0\Telemedicina.Infrastructure.dll". Iniciando nova tentativa 10 em 1000ms. The process cannot access the file 'C:\Users\camil\source\Ant\Telemedicina.2\Telemedicina.Api\bin\Debug\net9.0\Telemedicina.Infrastructure.dll' because it is being used by another process. O arquivo ├® bloqueado por: "Telemedicina.Api (27804)" [C:\Users\camil\source\Ant\Telemedicina.2\Telemedicina.Api\Telemedicina.Api.csproj]
C:\Program Files\dotnet\sdk\9.0.311\Microsoft.Common.CurrentVersion.targets(5093,5): warning MSB3026: n├úo foi poss├¡vel copiar "C:\Users\camil\source\Ant\Telemedicina.2\Telemedicina.Services\bin\Debug\net9.0\Telemedicina.Services.dll" para "bin\Debug\net9.0\Telemedicina.Services.dll". Iniciando nova tentativa 10 em 1000ms. The process cannot access the file 'C:\Users\camil\source\Ant\Telemedicina.2\Telemedicina.Api\bin\Debug\net9.0\Telemedicina.Services.dll' because it is being used by another process. O arquivo ├® bloqueado por: "Telemedicina.Api (27804)" [C:\Users\camil\source\Ant\Telemedicina.2\Telemedicina.Api\Telemedicina.Api.csproj]
C:\Program Files\dotnet\sdk\9.0.311\Microsoft.Common.CurrentVersion.targets(5093,5): error MSB3027: n├úo foi poss├¡vel copiar "C:\Users\camil\source\Ant\Telemedicina.2\Telemedicina.Domain\bin\Debug\net9.0\Telemedicina.Domain.dll" para "bin\Debug\net9.0\Telemedicina.Domain.dll". N├║mero de novas tentativas 10 excedido. Falha. O arquivo ├® bloqueado por: "Telemedicina.Api (27804)" [C:\Users\camil\source\Ant\Telemedicina.2\Telemedicina.Api\Telemedicina.Api.csproj]
C:\Program Files\dotnet\sdk\9.0.311\Microsoft.Common.CurrentVersion.targets(5093,5): error MSB3027: n├úo foi poss├¡vel copiar "C:\Users\camil\source\Ant\Telemedicina.2\Telemedicina.Interfaces\bin\Debug\net9.0\Telemedicina.Interfaces.dll" para "bin\Debug\net9.0\Telemedicina.Interfaces.dll". N├║mero de novas tentativas 10 excedido. Falha. O arquivo ├® bloqueado por: "Telemedicina.Api (27804)" [C:\Users\camil\source\Ant\Telemedicina.2\Telemedicina.Api\Telemedicina.Api.csproj]
C:\Program Files\dotnet\sdk\9.0.311\Microsoft.Common.CurrentVersion.targets(5093,5): error MSB3021: N├úo ├® poss├¡vel copiar o arquivo "C:\Users\camil\source\Ant\Telemedicina.2\Telemedicina.Domain\bin\Debug\net9.0\Telemedicina.Domain.dll" para "bin\Debug\net9.0\Telemedicina.Domain.dll". The process cannot access the file 'C:\Users\camil\source\Ant\Telemedicina.2\Telemedicina.Api\bin\Debug\net9.0\Telemedicina.Domain.dll' because it is being used by another process. [C:\Users\camil\source\Ant\Telemedicina.2\Telemedicina.Api\Telemedicina.Api.csproj]
C:\Program Files\dotnet\sdk\9.0.311\Microsoft.Common.CurrentVersion.targets(5093,5): error MSB3021: N├úo ├® poss├¡vel copiar o arquivo "C:\Users\camil\source\Ant\Telemedicina.2\Telemedicina.Interfaces\bin\Debug\net9.0\Telemedicina.Interfaces.dll" para "bin\Debug\net9.0\Telemedicina.Interfaces.dll". The process cannot access the file 'C:\Users\camil\source\Ant\Telemedicina.2\Telemedicina.Api\bin\Debug\net9.0\Telemedicina.Interfaces.dll' because it is being used by another process. [C:\Users\camil\source\Ant\Telemedicina.2\Telemedicina.Api\Telemedicina.Api.csproj]
C:\Program Files\dotnet\sdk\9.0.311\Microsoft.Common.CurrentVersion.targets(5093,5): error MSB3027: n├úo foi poss├¡vel copiar "C:\Users\camil\source\Ant\Telemedicina.2\Telemedicina.Services\bin\Debug\net9.0\Telemedicina.Services.dll" para "bin\Debug\net9.0\Telemedicina.Services.dll". N├║mero de novas tentativas 10 excedido. Falha. O arquivo ├® bloqueado por: "Telemedicina.Api (27804)" [C:\Users\camil\source\Ant\Telemedicina.2\Telemedicina.Api\Telemedicina.Api.csproj]
C:\Program Files\dotnet\sdk\9.0.311\Microsoft.Common.CurrentVersion.targets(5093,5): error MSB3021: N├úo ├® poss├¡vel copiar o arquivo "C:\Users\camil\source\Ant\Telemedicina.2\Telemedicina.Services\bin\Debug\net9.0\Telemedicina.Services.dll" para "bin\Debug\net9.0\Telemedicina.Services.dll". The process cannot access the file 'C:\Users\camil\source\Ant\Telemedicina.2\Telemedicina.Api\bin\Debug\net9.0\Telemedicina.Services.dll' because it is being used by another process. [C:\Users\camil\source\Ant\Telemedicina.2\Telemedicina.Api\Telemedicina.Api.csproj]
C:\Program Files\dotnet\sdk\9.0.311\Microsoft.Common.CurrentVersion.targets(5093,5): error MSB3027: n├úo foi poss├¡vel copiar "C:\Users\camil\source\Ant\Telemedicina.2\Telemedicina.Infrastructure\bin\Debug\net9.0\Telemedicina.Infrastructure.dll" para "bin\Debug\net9.0\Telemedicina.Infrastructure.dll". N├║mero de novas tentativas 10 excedido. Falha. O arquivo ├® bloqueado por: "Telemedicina.Api (27804)" [C:\Users\camil\source\Ant\Telemedicina.2\Telemedicina.Api\Telemedicina.Api.csproj]
C:\Program Files\dotnet\sdk\9.0.311\Microsoft.Common.CurrentVersion.targets(5093,5): error MSB3021: N├úo ├® poss├¡vel copiar o arquivo "C:\Users\camil\source\Ant\Telemedicina.2\Telemedicina.Infrastructure\bin\Debug\net9.0\Telemedicina.Infrastructure.dll" para "bin\Debug\net9.0\Telemedicina.Infrastructure.dll". The process cannot access the file 'C:\Users\camil\source\Ant\Telemedicina.2\Telemedicina.Api\bin\Debug\net9.0\Telemedicina.Infrastructure.dll' because it is being used by another process. [C:\Users\camil\source\Ant\Telemedicina.2\Telemedicina.Api\Telemedicina.Api.csproj]
    40 Aviso(s)
    8 Erro(s)

Tempo Decorrido 00:00:12.65

As atualiza├º├Áes de carga de trabalho est├úo dispon├¡veis. Execute `dotnet workload list` para obter mais informa├º├Áes.
